=== Testing Authentication ===

Error: PrismaClientInitializationError: 
Invalid `prisma.user.findUnique()` invocation in
F:\Nextjs\penyadap.com\test-auth.js:34:36

  31 console.log('=== Testing Authentication ===\n');
  32 
  33 // Check admin user
ΓåÆ 34 const user = await prisma.user.findUnique(
Can't reach database server at `db.xcyulzylbwxuxbonadjf.supabase.co:5432`

Please make sure your database server is running at `db.xcyulzylbwxuxbonadjf.supabase.co:5432`.
    at _n.handleRequestError (F:\Nextjs\penyadap.com\node_modules\.pnpm\@prisma+client@5.17.0_prisma@5.17.0\node_modules\@prisma\client\runtime\library.js:121:8049)
    at _n.handleAndLogRequestError (F:\Nextjs\penyadap.com\node_modules\.pnpm\@prisma+client@5.17.0_prisma@5.17.0\node_modules\@prisma\client\runtime\library.js:121:7057)
    at _n.request (F:\Nextjs\penyadap.com\node_modules\.pnpm\@prisma+client@5.17.0_prisma@5.17.0\node_modules\@prisma\client\runtime\library.js:121:6741)
    at async l (F:\Nextjs\penyadap.com\node_modules\.pnpm\@prisma+client@5.17.0_prisma@5.17.0\node_modules\@prisma\client\runtime\library.js:130:9355)
    at async test (F:\Nextjs\penyadap.com\test-auth.js:34:18) {
  clientVersion: '5.17.0',
  errorCode: undefined
}
